
 --------------------------------------------------------------------------------------------------------------------------------------- 
| Snapshot                | WNS                  | TNS                  | Density (%) | Resource               | DRVs       | Layer-OPT |
|                         | HEPG (ns) | ALL (ns) | HEPG (ns) | ALL (ns) |             | Real (s) | Memory (MB) | Tran | Cap | Metal6    |
|-------------------------+-----------+----------+-----------+----------+-------------+----------+-------------+------+-----+-----------|
| initial_summary         |    -0.059 |   -1.096 |           |      -52 |        8.53 | 0:00:03  |        5569 |    0 |   0 |           |
| route_type_refinement   |           |          |           |          |             | 0:00:01  |        5569 |      |     |           |
| simplify_netlist        |           |          |           |          |             | 0:00:03  |        5585 |      |     |           |
| excluded_clk_net_fixing |           |          |           |          |             | 0:00:00  |        5585 |      |     |           |
| global_opt              |           |   -0.297 |           |       -8 |        8.64 | 0:00:17  |        5595 |      |     |         6 |
 --------------------------------------------------------------------------------------------------------------------------------------- 
