 ---------------------------------------------------------------------------------------------------------------------------------- 
| Snapshot           | WNS                  | TNS                  | Density (%) | Resource               | DRVs       | Layer-OPT |
|                    | HEPG (ns) | ALL (ns) | HEPG (ns) | ALL (ns) |             | Real (s) | Memory (MB) | Tran | Cap | Metal6    |
|--------------------+-----------+----------+-----------+----------+-------------+----------+-------------+------+-----+-----------|
| initial_summary    |     0.633 |    0.633 |           |        0 |       11.06 | 0:00:20  |        8923 |    0 |   0 |           |
| ccopt_pro          |           |          |           |          |             | 0:00:13  |        8927 |      |     |           |
| drv_eco_fixing     |     0.758 |    0.758 |         0 |        0 |       11.06 | 0:00:04  |        8927 |    0 |   0 |        10 |
| route_type_fixing  |           |          |           |          |             | 0:00:01  |        8911 |      |     |           |
| pre_route_summary  |     0.758 |    0.758 |           |        0 |       11.06 | 0:00:01  |        8927 |    0 |   0 |           |
| eco_route          |           |          |           |          |             | 0:00:35  |        8927 |      |     |           |
| post_route_summary |     0.633 |    0.633 |           |        0 |       11.06 | 0:00:16  |        8927 |    0 |   0 |           |
| final_summary      |     0.633 |    0.633 |           |        0 |       11.06 | 0:00:04  |        8927 |    0 |   0 |           |
 ---------------------------------------------------------------------------------------------------------------------------------- 
