 ------------------------------------------------------------------------------------------------------------------------------------------------------------------- 
| Snapshot                | WNS                  | TNS                  | Density (%) | Hotspot                   | Resource               | DRVs       | Layer-OPT |
|                         | HEPG (ns) | ALL (ns) | HEPG (ns) | ALL (ns) |             | Max (bins) | Total (bins) | Real (s) | Memory (MB) | Tran | Cap | Metal6    |
|-------------------------+-----------+----------+-----------+----------+-------------+------------+--------------+----------+-------------+------+-----+-----------|
| initial_summary         |     0.085 |   -1.230 |           |      -53 |        8.36 |            |              | 0:00:10  |        5383 |   17 |   0 |           |
| route_type_refinement   |           |          |           |          |             |            |              | 0:00:01  |        5383 |      |     |           |
| simplify_netlist        |           |          |           |          |             |            |              | 0:00:03  |        5399 |      |     |           |
| excluded_clk_net_fixing |           |          |           |          |             |            |              | 0:00:00  |        5399 |      |     |           |
| global_opt              |           |   -0.880 |           |      -28 |        8.48 |            |              | 0:00:18  |        5417 |      |     |         5 |
| area_reclaiming         |     0.084 |   -0.879 |         0 |      -28 |        8.44 |            |              | 0:00:30  |        5367 |      |     |         5 |
| drv_fixing              |     0.082 |   -0.874 |         0 |      -28 |        8.47 |            |              | 0:00:10  |        5401 |    0 |   0 |         5 |
| wns_fixing              |     0.082 |    0.008 |         0 |        0 |        8.66 |            |              | 0:01:05  |        5417 |      |     |        13 |
| area_reclaiming_2       |     0.097 |   -0.001 |         0 |       -0 |        8.56 |            |              | 0:00:52  |        5402 |      |     |        12 |
| area_reclaiming_3       |     0.082 |   -0.001 |         0 |       -0 |        8.53 |            |              | 0:00:13  |        5402 |      |     |        11 |
| local_wire_reclaim      |           |          |           |          |             |            |              | 0:00:44  |        5386 |      |     |           |
| global_route            |           |          |           |          |             |       0.00 |         0.00 | 0:00:06  |        5374 |      |     |           |
| route_type_refinement_2 |           |          |           |          |             |            |              | 0:00:00  |        5374 |      |     |        11 |
| drv_eco_fixing          |    -0.212 |   -0.212 |        -0 |       -3 |        8.59 |            |              | 0:00:06  |        5402 |    0 |   0 |        11 |
| wns_eco_fixing          |     0.012 |   -0.029 |         0 |       -0 |        8.59 |            |              | 0:00:13  |        5402 |      |     |        11 |
| tns_eco_fixing          |     0.012 |   -0.027 |         0 |       -0 |        8.60 |            |              | 0:00:07  |        5402 |      |     |        11 |
| tns_eco_fixing_2        |     0.012 |   -0.027 |         0 |       -0 |        8.60 |            |              | 0:00:03  |        5402 |      |     |        11 |
| final_summary           |     0.012 |   -0.026 |           |       -0 |        8.60 |       0.00 |         0.00 | 0:00:08  |        5384 |    0 |   0 |           |
 ------------------------------------------------------------------------------------------------------------------------------------------------------------------- 
