 ------------------------------------------------------------------------------------------------------------------------------------------------------------------- 
| Snapshot                | WNS                  | TNS                  | Density (%) | Hotspot                   | Resource               | DRVs       | Layer-OPT |
|                         | HEPG (ns) | ALL (ns) | HEPG (ns) | ALL (ns) |             | Max (bins) | Total (bins) | Real (s) | Memory (MB) | Tran | Cap | Metal6    |
|-------------------------+-----------+----------+-----------+----------+-------------+------------+--------------+----------+-------------+------+-----+-----------|
| initial_summary         |     0.085 |   -1.230 |           |      -53 |        8.36 |            |              | 0:00:03  |        4105 |   17 |   0 |           |
| route_type_refinement   |           |          |           |          |             |            |              | 0:00:01  |        4105 |      |     |           |
| simplify_netlist        |           |          |           |          |             |            |              | 0:00:02  |        4160 |      |     |           |
| excluded_clk_net_fixing |           |          |           |          |             |            |              | 0:00:01  |        4160 |      |     |           |
| drv_fixing              |     0.085 |   -1.230 |         0 |      -53 |        8.39 |            |              | 0:00:09  |        4183 |    0 |   0 |           |
| global_opt              |           |   -0.880 |           |      -28 |        8.50 |            |              | 0:00:16  |        4214 |      |     |         5 |
| area_reclaiming         |     0.084 |   -0.879 |         0 |      -28 |        8.46 |            |              | 0:00:13  |        4214 |      |     |         5 |
| wns_fixing              |     0.084 |    0.018 |         0 |        0 |        8.70 |            |              | 0:01:18  |        4245 |      |     |        12 |
| area_reclaiming_2       |     0.103 |   -0.001 |         0 |       -0 |        8.59 |            |              | 0:00:48  |        4290 |      |     |        10 |
| area_reclaiming_3       |     0.090 |   -0.001 |         0 |       -0 |        8.57 |            |              | 0:00:11  |        4290 |      |     |        10 |
| local_wire_reclaim      |           |          |           |          |             |            |              | 0:00:39  |        4339 |      |     |           |
| global_route            |           |          |           |          |             |       0.00 |         0.00 | 0:00:05  |        4359 |      |     |           |
| route_type_refinement_2 |           |          |           |          |             |            |              | 0:00:01  |        4359 |      |     |        10 |
| drv_eco_fixing          |    -0.153 |   -0.153 |        -0 |       -3 |        8.62 |            |              | 0:00:06  |        4388 |    0 |   0 |        10 |
| wns_eco_fixing          |     0.037 |    0.002 |         0 |        0 |        8.65 |            |              | 0:00:36  |        4388 |      |     |        10 |
| final_summary           |     0.038 |    0.002 |           |        0 |        8.65 |       0.00 |         0.00 | 0:00:07  |        4370 |    1 |   0 |           |
 ------------------------------------------------------------------------------------------------------------------------------------------------------------------- 
