 ------------------------------------------------------------------------------------------------------------------------------------------------------------------- 
| Snapshot                | WNS                  | TNS                  | Density (%) | Hotspot                   | Resource               | DRVs       | Layer-OPT |
|                         | HEPG (ns) | ALL (ns) | HEPG (ns) | ALL (ns) |             | Max (bins) | Total (bins) | Real (s) | Memory (MB) | Tran | Cap | Metal6    |
|-------------------------+-----------+----------+-----------+----------+-------------+------------+--------------+----------+-------------+------+-----+-----------|
| initial_summary         |           |   -0.021 |           |       -0 |       10.24 |            |              | 0:00:11  |        5385 |    3 |   0 |           |
| route_type_refinement   |           |          |           |          |             |            |              | 0:00:00  |        5385 |      |     |        11 |
| simplify_netlist        |           |          |           |          |             |            |              | 0:00:03  |        5401 |      |     |           |
| drv_fixing              |           |          |           |          |             |            |              | 0:00:02  |        5401 |      |     |           |
| drv_fixing_2            |     0.000 |   -0.331 |         0 |       -1 |       10.51 |            |              | 0:00:18  |        5419 |    0 |   0 |        11 |
| global_opt              |           |    0.009 |           |        0 |       10.52 |            |              | 0:00:05  |        5419 |      |     |        11 |
| area_reclaiming         |     0.000 |    0.000 |         0 |        0 |        8.64 |            |              | 0:00:26  |        5419 |      |     |           |
| incremental_replacement |           |   -0.153 |           |       -2 |             |       0.00 |         0.00 | 0:01:57  |        5561 |      |     |           |
| drv_fixing_3            |    -0.130 |   -0.130 |        -2 |       -2 |        8.70 |            |              | 0:00:08  |        5587 |    0 |   0 |           |
| tns_fixing              |     0.013 |   -0.130 |         0 |       -2 |        8.70 |            |              | 0:00:04  |        5587 |      |     |           |
| wns_fixing              |     0.081 |    0.040 |         0 |        0 |        8.70 |            |              | 0:00:25  |        5587 |      |     |           |
| area_reclaiming_2       |     0.013 |   -0.000 |         0 |       -0 |        8.55 |            |              | 0:00:55  |        5595 |      |     |           |
| area_reclaiming_3       |     0.013 |    0.004 |         0 |        0 |        8.53 |            |              | 0:00:13  |        5603 |      |     |           |
| drv_eco_fixing          |     0.013 |    0.004 |         0 |        0 |        8.53 |            |              | 0:00:04  |        5603 |    0 |   0 |           |
| final_summary           |     0.011 |   -0.004 |           |       -0 |        8.53 |            |              | 0:00:05  |        5569 |    0 |   0 |           |
 ------------------------------------------------------------------------------------------------------------------------------------------------------------------- 
