 ----------------------------------------------------------------------------------------------------------------------------------------------------------- 
| Snapshot        | WNS                  | TNS                  | Density (%) | Hotspot                   | Resource               | DRVs       | Layer-OPT |
|                 | HEPG (ns) | ALL (ns) | HEPG (ns) | ALL (ns) |             | Max (bins) | Total (bins) | Real (s) | Memory (MB) | Tran | Cap | Metal6    |
|-----------------+-----------+----------+-----------+----------+-------------+------------+--------------+----------+-------------+------+-----+-----------|
| initial_summary |     0.038 |    0.002 |           |        0 |        8.65 |            |              | 0:00:28  |        4356 |    1 |   0 |           |
| hold_fixing     |     0.006 |    0.002 |         0 |        0 |       10.29 |            |              | 0:01:01  |        4425 |      |     |        10 |
| global_route    |           |          |           |          |             |            |              | 0:00:00  |        4425 |      |     |           |
| final_summary   |     0.005 |    0.002 |           |        0 |       10.29 |       0.00 |         0.00 | 0:00:24  |        4439 |    1 |   0 |           |
 ----------------------------------------------------------------------------------------------------------------------------------------------------------- 
