 ----------------------------------------------------------------------------------------------------------------------------------------------------------- 
| Snapshot        | WNS                  | TNS                  | Density (%) | Hotspot                   | Resource               | DRVs       | Layer-OPT |
|                 | HEPG (ns) | ALL (ns) | HEPG (ns) | ALL (ns) |             | Max (bins) | Total (bins) | Real (s) | Memory (MB) | Tran | Cap | Metal6    |
|-----------------+-----------+----------+-----------+----------+-------------+------------+--------------+----------+-------------+------+-----+-----------|
| initial_summary |     0.012 |   -0.026 |           |       -0 |        8.60 |            |              | 0:00:24  |        5429 |    0 |   0 |           |
| hold_fixing     |     0.012 |   -0.026 |         0 |       -0 |       10.24 |            |              | 0:01:04  |        5403 |      |     |        11 |
| global_route    |           |          |           |          |             |            |              | 0:00:00  |        5403 |      |     |           |
| final_summary   |     0.011 |   -0.026 |           |       -0 |       10.24 |       0.00 |         0.00 | 0:00:26  |        5385 |    0 |   0 |           |
 ----------------------------------------------------------------------------------------------------------------------------------------------------------- 
